
> docs:build
> vitepress build docs


  vitepress v1.6.4

- building client + server bundles...


(!) Found dead link ./../../issues in file dev/contributing/issues.md
(!) Found dead link ./../../discussions in file dev/contributing/issues.md
(!) Found dead link ./../../issues in file dev/contributing/issues.md
(!) Found dead link ./../../discussions in file dev/contributing/index.md
(!) Found dead link ./../../issues in file dev/contributing/index.md

If this is expected, you can disable this check via config. Refer: https://vitepress.dev/reference/site-config#ignoredeadlinks

x Build failed in 3.35s
[31m✖[0m building client + server bundles...
build error:
[vitepress] 5 dead link(s) found.
[vitepress] 5 dead link(s) found.
    at Object.renderStart (file:///home/ezequiel/Github/vitapress-trinity/node_modules/vitepress/dist/node/chunk-D3CUZ4fa.js:45027:15)
    at file:///home/ezequiel/Github/vitapress-trinity/node_modules/rollup/dist/es/shared/node-entry.js:22548:40
    at async Promise.all (index 0)
    at async PluginDriver.hookParallel (file:///home/ezequiel/Github/vitapress-trinity/node_modules/rollup/dist/es/shared/node-entry.js:22458:9)
    at async Bundle.generate (file:///home/ezequiel/Github/vitapress-trinity/node_modules/rollup/dist/es/shared/node-entry.js:20603:13)
    at async file:///home/ezequiel/Github/vitapress-trinity/node_modules/rollup/dist/es/shared/node-entry.js:23535:27
    at async catchUnfinishedHookActions (file:///home/ezequiel/Github/vitapress-trinity/node_modules/rollup/dist/es/shared/node-entry.js:22902:16)
